0	1.00	3.00
1	1.00	6.00
2	1.00	9.00
3	1.00	12.00
4	1.00	15.00
5	1.00	18.00
